// Jest Snapshot v1, https://goo.gl/fbAQLP

exports[`Detail Component should match snapshot in detail page 1`] = `
<div>
  <nav
    class="sc-dlfnbm etGDIC"
  >
    <nav
      class="nav-wrapper"
    >
      <a
        class="brand-logo"
        href="#"
      >
        Crehana
      </a>
    </nav>
  </nav>
  <div
    class="container"
  >
    <h4
      class="sc-hKgILt ZTQiC"
    >
       Detalle sobre Albania
    </h4>
    <div
      class="row"
    >
      <div
        class="col s12 m6 offset-m3 "
      >
        <div
          class="sc-gsTCUz fwTMXJ"
        >
          <div
            class="card"
          >
            <div
              class="card-image waves-effect waves-block waves-light"
            >
              <img
                class="sc-bdfBwQ iPjGkV"
                src="https://restcountries.eu/data/alb.svg"
              />
            </div>
            <div
              class="card-content"
            >
              <span
                class="card-title activator grey-text text-darken-4"
              >
                <b>
                  Albania
                </b>
              </span>
              <a
                href="#"
              >
                Volver
              </a>
              <table>
                <tbody>
                  <tr>
                    <td>
                      <b>
                        Capital: 
                      </b>
                      Tirana
                    </td>
                  </tr>
                  <tr>
                    <td>
                      <b>
                        Nombre Nativo: 
                      </b>
                      Shqipëria
                    </td>
                  </tr>
                  <tr>
                    <td>
                      <b>
                        Población: 
                      </b>
                      2886026
                    </td>
                  </tr>
                  <tr>
                    <td>
                      <b>
                        Área: 
                      </b>
                      28748 Km²
                    </td>
                  </tr>
                  <tr>
                    <td>
                      <b>
                        Ubicación 
                      </b>
                      <br />
                      Latitud: 41
                      <br />
                      Longitud: 20
                    </td>
                  </tr>
                </tbody>
              </table>
              <br />
            </div>
          </div>
        </div>
      </div>
    </div>
  </div>
</div>
`;
